   Compiling libc v0.2.190
   Compiling cfg-if v1.0.5
   Compiling serde_core v1.0.229
   Compiling zerofrom v0.1.8
   Compiling stable_deref_trait v1.2.1
   Compiling yoke v0.8.3
   Compiling typenum v1.20.1
   Compiling zerovec v0.11.8
   Compiling generic-array v0.14.7
   Compiling tinystr v0.8.4
   Compiling writeable v0.6.4
   Compiling pin-project-lite v0.2.17
   Compiling litemap v0.8.3
   Compiling subtle v2.6.1
   Compiling icu_locale_core v2.3.0
   Compiling potential_utf v0.1.6
   Compiling block-buffer v0.10.4
   Compiling crypto-common v0.1.7
   Compiling zerotrie v0.2.5
   Compiling digest v0.10.7
   Compiling utf8_iter v1.0.4
   Compiling icu_collections v2.3.0
   Compiling futures-core v0.3.34
   Compiling icu_normalizer_data v2.3.0
   Compiling icu_properties_data v2.3.0
   Compiling socket2 v0.6.5
   Compiling icu_provider v2.3.1
   Compiling serde v1.0.229
   Compiling mio v1.2.4
   Compiling bytes v1.12.1
   Compiling icu_properties v2.3.0
   Compiling smallvec v1.16.2
   Compiling num-traits v0.2.19
   Compiling palaco-foundation v1.0.0 (/home/runner/work/PALACO/PALACO/crates/palaco-foundation)
   Compiling icu_normalizer v2.3.0
   Compiling scopeguard v1.2.0
   Compiling cpufeatures v0.2.17
   Compiling equivalent v1.0.2
   Compiling lock_api v0.4.14
   Compiling parking_lot_core v0.9.12
   Compiling idna_adapter v1.2.2
   Compiling getrandom v0.2.17
   Compiling futures-sink v0.3.34
   Compiling percent-encoding v2.3.2
   Compiling foldhash v0.1.5
   Compiling memchr v2.8.3
   Compiling iana-time-zone v0.1.65
   Compiling allocator-api2 v0.2.21
   Compiling once_cell v1.21.4
   Compiling tracing-core v0.1.36
   Compiling form_urlencoded v1.2.2
   Compiling hashbrown v0.15.5
   Compiling rand_core v0.6.4
   Compiling idna v1.1.0
   Compiling zmij v1.0.23
   Compiling parking_lot v0.12.5
   Compiling crossbeam-utils v0.8.23
   Compiling zerocopy v0.8.61
   Compiling sha2 v0.10.9
   Compiling crc-catalog v2.5.0
   Compiling futures-task v0.3.34
   Compiling parking v2.2.1
   Compiling log v0.4.34
   Compiling hashbrown v0.17.1
   Compiling futures-io v0.3.34
   Compiling itoa v1.0.18
   Compiling slab v0.4.12
   Compiling serde_json v1.0.151
   Compiling futures-util v0.3.34
   Compiling indexmap v2.14.2
   Compiling tracing v0.1.44
   Compiling event-listener v5.4.2
   Compiling crc v3.4.0
   Compiling thiserror v2.0.21
   Compiling crossbeam-queue v0.3.14
   Compiling futures-intrusive v0.5.0
   Compiling hashlink v0.10.0
   Compiling url v2.5.8
   Compiling either v1.19.0
   Compiling base64 v0.22.1
   Compiling tinyvec v1.13.3
   Compiling palaco-eventbus v1.0.0 (/home/runner/work/PALACO/PALACO/crates/palaco-eventbus)
   Compiling tokio v1.53.2
   Compiling hmac v0.12.1
   Compiling unicode-normalization v0.1.25
   Compiling unicode-properties v0.1.4
   Compiling unicode-bidi v0.3.18
   Compiling ppv-lite86 v0.2.21
   Compiling hkdf v0.12.4
   Compiling chrono v0.4.45
   Compiling rand_chacha v0.3.1
   Compiling stringprep v0.1.5
   Compiling rand v0.8.8
   Compiling futures-channel v0.3.34
   Compiling atoi v2.0.0
   Compiling md-5 v0.10.6
   Compiling home v0.5.12
   Compiling bitflags v2.13.2
   Compiling dotenvy v0.15.7
   Compiling byteorder v1.5.0
   Compiling whoami v1.6.1
   Compiling hex v0.4.3
   Compiling getrandom v0.4.3
   Compiling palaco-quay v1.0.0 (/home/runner/work/PALACO/PALACO/crates/palaco-quay)
   Compiling uuid v1.27.0
   Compiling palaco-citadel v1.0.0 (/home/runner/work/PALACO/PALACO/crates/palaco-citadel)
   Compiling signature v2.2.0
   Compiling zeroize v1.9.1
   Compiling curve25519-dalek v4.1.3
   Compiling tokio-stream v0.1.19
   Compiling ed25519 v2.2.3
   Compiling sqlx-core v0.8.6
   Compiling ed25519-dalek v2.2.0
   Compiling palaco-runtime v1.0.0 (/home/runner/work/PALACO/PALACO/crates/palaco-runtime)
   Compiling palaco-evolution v1.0.0 (/home/runner/work/PALACO/PALACO/crates/palaco-evolution)
   Compiling palaco-kernel v1.0.0 (/home/runner/work/PALACO/PALACO/crates/palaco-kernel)
   Compiling sqlx-postgres v0.8.6
   Compiling sqlx-macros-core v0.8.6
   Compiling sqlx-macros v0.8.6
   Compiling sqlx v0.8.6
   Compiling palaco-la v0.1.0 (/home/runner/work/PALACO/PALACO/crates/palaco-la)
error[E0599]: no associated function or constant named `new` found for struct `domain::Question` in the current scope
  --> crates/palaco-la/src/decision.rs:75:19
   |
75 |         Question::new(
   |                   ^^^ associated function or constant not found in `domain::Question`
   |
  ::: crates/palaco-la/src/domain.rs:52:1
   |
52 | pub struct Question {
   | ------------------- associated function or constant `new` not found for this struct
   |
   = help: items from traits can only be used if the trait is implemented and in scope
   = note: the following traits define an item `new`, perhaps you need to implement one of them:
           candidate #1: `Bit`
           candidate #2: `KeyInit`
           candidate #3: `KeyIvInit`
           candidate #4: `VariableOutput`
           candidate #5: `VariableOutputCore`
           candidate #6: `curve25519_dalek::traits::VartimePrecomputedMultiscalarMul`
           candidate #7: `rand::distributions::uniform::UniformSampler`
           candidate #8: `sha2::Digest`
           candidate #9: `sha2::digest::Mac`
help: there is a method `ne` with a similar name, but with different arguments
  --> /rustc/48a229ceaefd4985c50990b14116b6d856af0985/library/core/src/cmp.rs:263:4

error[E0599]: no associated function or constant named `new` found for struct `domain::Question` in the current scope
  --> crates/palaco-la/src/assessment.rs:82:19
   |
82 |         Question::new(
   |                   ^^^ associated function or constant not found in `domain::Question`
   |
  ::: crates/palaco-la/src/domain.rs:52:1
   |
52 | pub struct Question {
   | ------------------- associated function or constant `new` not found for this struct
   |
   = help: items from traits can only be used if the trait is implemented and in scope
   = note: the following traits define an item `new`, perhaps you need to implement one of them:
           candidate #1: `Bit`
           candidate #2: `KeyInit`
           candidate #3: `KeyIvInit`
           candidate #4: `VariableOutput`
           candidate #5: `VariableOutputCore`
           candidate #6: `curve25519_dalek::traits::VartimePrecomputedMultiscalarMul`
           candidate #7: `rand::distributions::uniform::UniformSampler`
           candidate #8: `sha2::Digest`
           candidate #9: `sha2::digest::Mac`
help: there is a method `ne` with a similar name, but with different arguments
  --> /rustc/48a229ceaefd4985c50990b14116b6d856af0985/library/core/src/cmp.rs:263:4

error[E0382]: use of moved value: `result`
   --> crates/palaco-la/src/decision.rs:111:13
    |
108 |         let result = evaluate(q.clone(), &[e], threshold, DecisionId::new(Uuid::new_v4()));
    |             ------ move occurs because `result` has type `Result<DecisionEvaluation, decision::DecisionEvaluationError>`, which does not implement the `Copy` trait
109 |         assert!(matches!(result.map(|value| value.decision.verdict), Ok(DecisionVerdict::Allow)));
    |                                 ----------------------------------- `result` moved due to this method call
110 |         assert_eq!(
111 |             result.map(|value| value.decision.question_id),
    |             ^^^^^^ value used here after move
    |
note: `Result::<T, E>::map` takes ownership of the receiver `self`, which moves `result`
   --> /rustc/48a229ceaefd4985c50990b14116b6d856af0985/library/core/src/result.rs:831:27
help: consider calling `.as_ref()` to borrow the value's contents
    |
109 |         assert!(matches!(result.as_ref().map(|value| value.decision.verdict), Ok(DecisionVerdict::Allow)));
    |                                +++++++++
help: consider calling `.as_mut()` to mutably borrow the value's contents
    |
109 |         assert!(matches!(result.as_mut().map(|value| value.decision.verdict), Ok(DecisionVerdict::Allow)));
    |                                +++++++++
help: you can `clone` the value and consume it, but this might not be your desired behavior
    |
109 |         assert!(matches!(result.clone().map(|value| value.decision.verdict), Ok(DecisionVerdict::Allow)));
    |                                ++++++++

Some errors have detailed explanations: E0382, E0599.
For more information about an error, try `rustc --explain E0382`.
error: could not compile `palaco-la` (lib test) due to 3 previous errors
warning: build failed, waiting for other jobs to finish...
