    Updating crates.io index
     Locking 196 packages to latest compatible versions
      Adding ed25519-dalek v2.2.0 (available: v3.0.0)
      Adding generic-array v0.14.7 (available: v0.14.9)
      Adding sha2 v0.10.9 (available: v0.11.0)
      Adding sqlx v0.8.6 (available: v0.9.0)
 Downloading crates ...
  Downloaded autocfg v1.5.1
  Downloaded block-buffer v0.10.4
  Downloaded atoi v2.0.0
  Downloaded base64ct v1.8.3
  Downloaded quote v1.0.47
  Downloaded futures-io v0.3.34
  Downloaded futures-task v0.3.34
  Downloaded iana-time-zone v0.1.65
  Downloaded allocator-api2 v0.2.21
  Downloaded base64 v0.22.1
  Downloaded bitflags v2.13.2
  Downloaded cfg-if v1.0.5
  Downloaded ed25519 v2.2.3
  Downloaded crc-catalog v2.5.0
  Downloaded displaydoc v0.2.7
  Downloaded form_urlencoded v1.2.2
  Downloaded home v0.5.12
  Downloaded parking_lot_core v0.9.12
  Downloaded percent-encoding v2.3.2
  Downloaded pin-project-lite v0.2.17
  Downloaded crc v3.4.0
  Downloaded crypto-common v0.1.7
  Downloaded generic-array v0.14.7
  Downloaded hashlink v0.10.0
  Downloaded hex v0.4.3
  Downloaded idna_adapter v1.2.2
  Downloaded itoa v1.0.18
  Downloaded lock_api v0.4.14
  Downloaded num-iter v0.1.46
  Downloaded parking v2.2.1
  Downloaded pem-rfc7468 v0.7.0
  Downloaded pkcs8 v0.10.2
  Downloaded scopeguard v1.2.0
  Downloaded md-5 v0.10.6
  Downloaded curve25519-dalek-derive v0.1.1
  Downloaded heck v0.5.0
  Downloaded hmac v0.12.1
  Downloaded parking_lot v0.12.5
  Downloaded potential_utf v0.1.6
  Downloaded futures-core v0.3.34
  Downloaded litemap v0.8.3
  Downloaded rand_chacha v0.3.1
  Downloaded cpufeatures v0.2.17
  Downloaded log v0.4.34
  Downloaded ppv-lite86 v0.2.21
  Downloaded rand_core v0.6.4
  Downloaded rustc_version v0.4.1
  Downloaded sha2 v0.10.9
  Downloaded stable_deref_trait v1.2.1
  Downloaded unicode-bidi v0.3.18
  Downloaded utf8_iter v1.0.4
  Downloaded byteorder v1.5.0
  Downloaded crossbeam-utils v0.8.23
  Downloaded digest v0.10.7
  Downloaded dotenvy v0.15.7
  Downloaded futures-channel v0.3.34
  Downloaded futures-executor v0.3.34
  Downloaded futures-intrusive v0.5.0
  Downloaded getrandom v0.2.17
  Downloaded getrandom v0.4.3
  Downloaded lazy_static v1.5.1
  Downloaded num-traits v0.2.19
  Downloaded once_cell v1.21.4
  Downloaded pkcs1 v0.7.5
  Downloaded pkg-config v0.3.34
  Downloaded proc-macro2 v1.0.107
  Downloaded smallvec v1.16.2
  Downloaded synstructure v0.14.0
  Downloaded unicode-ident v1.0.26
  Downloaded either v1.19.0
  Downloaded hashbrown v0.17.1
  Downloaded serde_derive v1.0.229
  Downloaded sqlx-macros v0.8.6
  Downloaded thiserror-impl v2.0.21
  Downloaded writeable v0.6.4
  Downloaded const-oid v0.9.6
  Downloaded event-listener v5.4.2
  Downloaded foldhash v0.1.5
  Downloaded icu_locale_core v2.3.0
  Downloaded icu_normalizer_data v2.3.0
  Downloaded icu_provider v2.3.1
  Downloaded memchr v2.8.3
  Downloaded mio v1.2.4
  Downloaded rand v0.8.8
  Downloaded semver v1.0.28
  Downloaded version_check v0.9.5
  Downloaded yoke-derive v0.8.4
  Downloaded zerofrom v0.1.8
  Downloaded zerofrom-derive v0.1.8
  Downloaded ed25519-dalek v2.2.0
  Downloaded equivalent v1.0.2
  Downloaded rsa v0.9.10
  Downloaded serde_core v1.0.229
  Downloaded serde_urlencoded v0.7.1
  Downloaded sha1 v0.10.7
  Downloaded signature v2.2.0
  Downloaded slab v0.4.12
  Downloaded spki v0.7.3
  Downloaded sqlx-macros-core v0.8.6
  Downloaded stringprep v0.1.5
  Downloaded subtle v2.6.1
  Downloaded tinystr v0.8.4
  Downloaded tokio-macros v2.7.2
  Downloaded whoami v1.6.1
  Downloaded zeroize v1.9.1
  Downloaded zerovec-derive v0.11.6
  Downloaded bytes v1.12.1
  Downloaded crossbeam-queue v0.3.14
  Downloaded flume v0.11.1
  Downloaded futures-sink v0.3.34
  Downloaded icu_properties v2.3.0
  Downloaded num-bigint-dig v0.8.6
  Downloaded serde v1.0.229
  Downloaded socket2 v0.6.5
  Downloaded spin v0.9.9
  Downloaded thiserror v2.0.21
  Downloaded uuid v1.27.0
  Downloaded zerotrie v0.2.5
  Downloaded zmij v1.0.23
  Downloaded der v0.7.10
  Downloaded indexmap v2.14.2
  Downloaded num-integer v0.1.47
  Downloaded sqlx-sqlite v0.8.6
  Downloaded tinyvec v1.13.3
  Downloaded url v2.5.8
  Downloaded yoke v0.8.3
  Downloaded futures-util v0.3.34
  Downloaded icu_properties_data v2.3.0
  Downloaded idna v1.1.0
  Downloaded sqlx-core v0.8.6
  Downloaded tokio-stream v0.1.19
  Downloaded unicode-properties v0.1.4
  Downloaded hashbrown v0.15.5
  Downloaded hkdf v0.12.4
  Downloaded libm v0.2.16
  Downloaded serde_json v1.0.151
  Downloaded sqlx-postgres v0.8.6
  Downloaded chrono v0.4.45
  Downloaded ryu v1.0.23
  Downloaded sqlx v0.8.6
  Downloaded tracing-attributes v0.1.31
  Downloaded tracing-core v0.1.36
  Downloaded unicode-normalization v0.1.25
  Downloaded vcpkg v0.2.15
  Downloaded curve25519-dalek v4.1.3
  Downloaded sqlx-mysql v0.8.6
  Downloaded syn v3.0.6
  Downloaded tracing v0.1.44
  Downloaded icu_normalizer v2.3.0
  Downloaded libc v0.2.190
  Downloaded icu_collections v2.3.0
  Downloaded tokio v1.53.2
  Downloaded typenum v1.20.1
  Downloaded zerovec v0.11.8
  Downloaded zerocopy v0.8.61
  Downloaded syn v2.0.119
  Downloaded libsqlite3-sys v0.30.1
   Compiling proc-macro2 v1.0.107
   Compiling quote v1.0.47
   Compiling unicode-ident v1.0.26
   Compiling libc v0.2.190
   Compiling serde_core v1.0.229
   Compiling serde v1.0.229
   Compiling version_check v0.9.5
   Compiling stable_deref_trait v1.2.1
   Compiling icu_normalizer_data v2.3.0
   Compiling icu_properties_data v2.3.0
   Compiling generic-array v0.14.7
   Compiling syn v3.0.6
    Checking cfg-if v1.0.5
   Compiling autocfg v1.5.1
   Compiling zerocopy v0.8.61
   Compiling num-traits v0.2.19
   Compiling parking_lot_core v0.9.12
   Compiling syn v2.0.119
    Checking typenum v1.20.1
   Compiling writeable v0.6.4
   Compiling zmij v1.0.23
   Compiling crossbeam-utils v0.8.23
   Compiling litemap v0.8.3
   Compiling utf8_iter v1.0.4
   Compiling block-buffer v0.10.4
   Compiling crypto-common v0.1.7
   Compiling synstructure v0.14.0
   Compiling subtle v2.6.1
   Compiling thiserror v2.0.21
   Compiling serde_json v1.0.151
    Checking palaco-foundation v1.0.0 (/home/runner/work/PALACO/PALACO/crates/palaco-foundation)
   Compiling pin-project-lite v0.2.17
    Checking digest v0.10.7
   Compiling futures-core v0.3.34
   Compiling equivalent v1.0.2
   Compiling scopeguard v1.2.0
   Compiling lock_api v0.4.14
   Compiling zerofrom-derive v0.1.8
   Compiling yoke-derive v0.8.4
   Compiling zerovec-derive v0.11.6
   Compiling serde_derive v1.0.229
   Compiling displaydoc v0.2.7
   Compiling zerofrom v0.1.8
   Compiling yoke v0.8.3
   Compiling zerovec v0.11.8
   Compiling tinystr v0.8.4
   Compiling potential_utf v0.1.6
   Compiling zerotrie v0.2.5
   Compiling icu_locale_core v2.3.0
   Compiling icu_collections v2.3.0
   Compiling tracing-attributes v0.1.31
   Compiling icu_provider v2.3.1
   Compiling thiserror-impl v2.0.21
    Checking smallvec v1.16.2
   Compiling icu_properties v2.3.0
   Compiling icu_normalizer v2.3.0
   Compiling getrandom v0.2.17
   Compiling socket2 v0.6.5
   Compiling mio v1.2.4
   Compiling percent-encoding v2.3.2
   Compiling foldhash v0.1.5
   Compiling allocator-api2 v0.2.21
   Compiling memchr v2.8.3
   Compiling idna_adapter v1.2.2
   Compiling once_cell v1.21.4
   Compiling futures-sink v0.3.34
   Compiling bytes v1.12.1
   Compiling tracing-core v0.1.36
   Compiling hashbrown v0.15.5
   Compiling tokio v1.53.2
   Compiling idna v1.1.0
   Compiling form_urlencoded v1.2.2
   Compiling rand_core v0.6.4
   Compiling parking_lot v0.12.5
   Compiling ppv-lite86 v0.2.21
    Checking palaco-eventbus v1.0.0 (/home/runner/work/PALACO/PALACO/crates/palaco-eventbus)
   Compiling hashbrown v0.17.1
   Compiling futures-io v0.3.34
   Compiling log v0.4.34
   Compiling cpufeatures v0.2.17
   Compiling iana-time-zone v0.1.65
   Compiling parking v2.2.1
   Compiling slab v0.4.12
   Compiling itoa v1.0.18
   Compiling futures-task v0.3.34
   Compiling tinyvec v1.13.3
   Compiling crc-catalog v2.5.0
   Compiling getrandom v0.4.3
   Compiling crc v3.4.0
   Compiling futures-util v0.3.34
   Compiling unicode-normalization v0.1.25
   Compiling indexmap v2.14.2
   Compiling event-listener v5.4.2
   Compiling chrono v0.4.45
   Compiling tracing v0.1.44
   Compiling sha2 v0.10.9
   Compiling tokio-stream v0.1.19
   Compiling crossbeam-queue v0.3.14
   Compiling rand_chacha v0.3.1
   Compiling futures-intrusive v0.5.0
   Compiling url v2.5.8
   Compiling hashlink v0.10.0
   Compiling either v1.19.0
   Compiling tokio-macros v2.7.2
   Compiling hmac v0.12.1
   Compiling unicode-bidi v0.3.18
   Compiling base64 v0.22.1
   Compiling unicode-properties v0.1.4
   Compiling semver v1.0.28
   Compiling uuid v1.27.0
   Compiling rustc_version v0.4.1
   Compiling sqlx-core v0.8.6
   Compiling stringprep v0.1.5
   Compiling hkdf v0.12.4
   Compiling rand v0.8.8
    Checking palaco-quay v1.0.0 (/home/runner/work/PALACO/PALACO/crates/palaco-quay)
   Compiling futures-channel v0.3.34
   Compiling atoi v2.0.0
   Compiling md-5 v0.10.6
   Compiling whoami v1.6.1
   Compiling dotenvy v0.15.7
   Compiling hex v0.4.3
   Compiling bitflags v2.13.2
   Compiling home v0.5.12
   Compiling byteorder v1.5.0
   Compiling sqlx-postgres v0.8.6
   Compiling curve25519-dalek v4.1.3
   Compiling heck v0.5.0
    Checking palaco-citadel v1.0.0 (/home/runner/work/PALACO/PALACO/crates/palaco-citadel)
   Compiling curve25519-dalek-derive v0.1.1
    Checking zeroize v1.9.1
   Compiling sqlx-macros-core v0.8.6
    Checking signature v2.2.0
    Checking ed25519 v2.2.3
    Checking ed25519-dalek v2.2.0
    Checking palaco-runtime v1.0.0 (/home/runner/work/PALACO/PALACO/crates/palaco-runtime)
    Checking palaco-evolution v1.0.0 (/home/runner/work/PALACO/PALACO/crates/palaco-evolution)
    Checking palaco-kernel v1.0.0 (/home/runner/work/PALACO/PALACO/crates/palaco-kernel)
   Compiling sqlx-macros v0.8.6
    Checking sqlx v0.8.6
    Checking palaco-la v0.1.0 (/home/runner/work/PALACO/PALACO/crates/palaco-la)
error[E0599]: no associated function or constant named `new` found for struct `domain::Question` in the current scope
  --> crates/palaco-la/src/decision.rs:75:19
   |
75 |         Question::new(
   |                   ^^^ associated function or constant not found in `domain::Question`
   |
  ::: crates/palaco-la/src/domain.rs:52:1
   |
52 | pub struct Question {
   | ------------------- associated function or constant `new` not found for this struct
   |
   = help: items from traits can only be used if the trait is implemented and in scope
   = note: the following traits define an item `new`, perhaps you need to implement one of them:
           candidate #1: `Bit`
           candidate #2: `KeyInit`
           candidate #3: `KeyIvInit`
           candidate #4: `VariableOutput`
           candidate #5: `VariableOutputCore`
           candidate #6: `curve25519_dalek::traits::VartimePrecomputedMultiscalarMul`
           candidate #7: `rand::distributions::uniform::UniformSampler`
           candidate #8: `sha2::Digest`
           candidate #9: `sha2::digest::Mac`
help: there is a method `ne` with a similar name, but with different arguments
  --> /rustc/48a229ceaefd4985c50990b14116b6d856af0985/library/core/src/cmp.rs:263:4

error[E0599]: no associated function or constant named `new` found for struct `domain::Question` in the current scope
  --> crates/palaco-la/src/assessment.rs:82:19
   |
82 |         Question::new(
   |                   ^^^ associated function or constant not found in `domain::Question`
   |
  ::: crates/palaco-la/src/domain.rs:52:1
   |
52 | pub struct Question {
   | ------------------- associated function or constant `new` not found for this struct
   |
   = help: items from traits can only be used if the trait is implemented and in scope
   = note: the following traits define an item `new`, perhaps you need to implement one of them:
           candidate #1: `Bit`
           candidate #2: `KeyInit`
           candidate #3: `KeyIvInit`
           candidate #4: `VariableOutput`
           candidate #5: `VariableOutputCore`
           candidate #6: `curve25519_dalek::traits::VartimePrecomputedMultiscalarMul`
           candidate #7: `rand::distributions::uniform::UniformSampler`
           candidate #8: `sha2::Digest`
           candidate #9: `sha2::digest::Mac`
help: there is a method `ne` with a similar name, but with different arguments
  --> /rustc/48a229ceaefd4985c50990b14116b6d856af0985/library/core/src/cmp.rs:263:4

error[E0382]: use of moved value: `result`
   --> crates/palaco-la/src/decision.rs:111:13
    |
108 |         let result = evaluate(q.clone(), &[e], threshold, DecisionId::new(Uuid::new_v4()));
    |             ------ move occurs because `result` has type `Result<DecisionEvaluation, decision::DecisionEvaluationError>`, which does not implement the `Copy` trait
109 |         assert!(matches!(result.map(|value| value.decision.verdict), Ok(DecisionVerdict::Allow)));
    |                                 ----------------------------------- `result` moved due to this method call
110 |         assert_eq!(
111 |             result.map(|value| value.decision.question_id),
    |             ^^^^^^ value used here after move
    |
note: `Result::<T, E>::map` takes ownership of the receiver `self`, which moves `result`
   --> /rustc/48a229ceaefd4985c50990b14116b6d856af0985/library/core/src/result.rs:831:27
help: consider calling `.as_ref()` to borrow the value's contents
    |
109 |         assert!(matches!(result.as_ref().map(|value| value.decision.verdict), Ok(DecisionVerdict::Allow)));
    |                                +++++++++
help: consider calling `.as_mut()` to mutably borrow the value's contents
    |
109 |         assert!(matches!(result.as_mut().map(|value| value.decision.verdict), Ok(DecisionVerdict::Allow)));
    |                                +++++++++
help: you can `clone` the value and consume it, but this might not be your desired behavior
    |
109 |         assert!(matches!(result.clone().map(|value| value.decision.verdict), Ok(DecisionVerdict::Allow)));
    |                                ++++++++

Some errors have detailed explanations: E0382, E0599.
For more information about an error, try `rustc --explain E0382`.
error: could not compile `palaco-la` (lib test) due to 3 previous errors
